✔ domain.gate: forbidden patterns at the end of a policy still block the draft (1.6935ms)
✔ domain.validate: project requires goal, audience and valid state (0.3304ms)
✔ domain.validate: material must cite source and non-empty body (0.1368ms)
✔ domain.gate: fails on missing thesis, missing claims, short draft (0.1609ms)
✔ domain.gate: verifies claim link matching and quote verbatim check (0.3254ms)
✔ pipeline.extractNoteSummary: strips frontmatter, markdown tags and links (1.1735ms)
✔ pipeline.clusterNotes: clusters notes with high token similarity (0.727ms)
✔ typography.renderArticleHtml: renders 3 distinct themes with inline styles (2.2484ms)
✔ Red-Team 1: Fake or non-existent claim ID cannot pass gate (3.3738ms)
✔ Red-Team 2: Content tampering invalidates approval and context hash (0.4727ms)
✔ Red-Team 3: Conflict of interest (Author cannot be Critic Reviewer) (0.232ms)
✔ Red-Team 4: Forbidden pattern detection from CONTENT.md policies (0.3271ms)
✔ Red-Team 5: Typography Engine sanitizes XSS and script injections (1.0566ms)
✔ long scan submits an explicit supported source, never empty automatic all-web scan (14.643ms)
✔ import mode validates JSON and passes the exact provenance-bearing data (4.1901ms)
✔ upstream failure and failed receipt never render success; retry preserves import (3.259ms)
✔ cover passes genre/instruction and has no fake formal-cover selection (2.0396ms)
✔ real UI request reaches authenticated HTTP runtime and persists imported provenance (803.6153ms)
✔ test-only cover artifacts are visibly distinguished from production results (2.2144ms)
✔ cover UI reaches HTTP runtime and a labelled fixture provider with verified image files (807.061ms)
✔ doctor uses argv, hidden window, no shell and preserves failure report (16.8967ms)
✔ missing Python has actionable message with no raw subprocess details (2.8093ms)
✔ malformed report and mismatched exit code cannot appear successful (17.7929ms)
✔ oversized output terminates only the owned diagnostic process (3.54ms)
✔ unloaded plugin refuses a new diagnostic process (3.3685ms)
✔ scope selection and count reach preview before any model start (16.1992ms)
✔ failed task retry uses recovery endpoint and shows the new receipt (3.636ms)
✔ configuration error stays in the modal and re-enables the action (3.2119ms)
✔ closing the modal stops further polling but does not cancel a background job (5.9459ms)
✔ new discovery does not present a historical result as the selected scope (1.9367ms)
✔ changing direction removes prior results and prevents old polling from restoring them (1.5946ms)
✔ opening an existing note reuses its tab; a new note never splits the editor (0.9583ms)
✔ first open goes to right sidebar; concurrent opens reuse it (0.4497ms)
✔ old main-window panel migrates without detaching user documents (0.2255ms)
✔ deferred right panel is loaded and duplicates retired (0.1733ms)
✔ failed sidebar creation preserves old panel and never falls back to main (0.5152ms)
✔ unloading prevents queued panel creation (0.1369ms)
✔ missing checkout falls back to the kernel installed beside the plugin (3.9747ms)
✔ managed old runtime follows current plugin version while explicit checkout remains selected (5.36ms)
✔ primary navigation is the four-step author journey (1.2351ms)
✔ journey status tells a new author where to start and what completion means (0.3445ms)
✔ quality axes are presented in reader language instead of internal jargon (0.1846ms)
✔ main source exposes human workflow labels and hides old feature navigation (0.3201ms)
✔ writing target, proposal/apply, Critic and social buttons reach real HTTP kernel (3134.786ms)
✔ native selection excludes frontmatter duplicates and maps CRLF/emoji to codepoints (4.982ms)
✔ one idea starts discussion; empty input never creates an article (10.7735ms)
✔ current note is visible, hash bound, and submitted without an extra modal (3.363ms)
✔ removing the current note keeps it out of the request (1.3925ms)
✔ creation failure preserves input; start failure returns to the saved article (3.1214ms)
✔ missing assistant does not create an empty project (2.0007ms)
✔ running task uses the same action to stop, without submitting a second request (3.2019ms)
✔ unsent text survives rerender and failed sends, keyboard obeys button guard (1.9531ms)
✔ continuing production uses the displayed version without a second confirmation (1.7073ms)
ℹ tests 53
ℹ suites 0
ℹ pass 53
ℹ fail 0
ℹ cancelled 0
ℹ skipped 0
ℹ todo 0
ℹ duration_ms 3651.9227
