test_context_assembler_prioritizes_p0_and_filters_characters (test_capabilities.CapabilityPackTests.test_context_assembler_prioritizes_p0_and_filters_characters) ... ok
test_manifest_validation_rejects_invalid_schema_or_escaping_paths (test_capabilities.CapabilityPackTests.test_manifest_validation_rejects_invalid_schema_or_escaping_paths) ... ok
test_narrative_pack_manifest_validates_cleanly (test_capabilities.CapabilityPackTests.test_narrative_pack_manifest_validates_cleanly) ... ok
test_registry_discovery_and_duplicate_rejection (test_capabilities.CapabilityPackTests.test_registry_discovery_and_duplicate_rejection) ... ok
test_state_delta_and_continuity_validators (test_capabilities.CapabilityPackTests.test_state_delta_and_continuity_validators) ... ok
test_task_router_resolves_pack_profile_and_workflow (test_capabilities.CapabilityPackTests.test_task_router_resolves_pack_profile_and_workflow) ... ok
test_workspace_security_rejects_path_traversal (test_capabilities.CapabilityPackTests.test_workspace_security_rejects_path_traversal) ... ok
test_explicit_provider_wiring_and_empty_output_fail_closed (test_capability_runtime_acceptance.RuntimeAcceptanceTests.test_explicit_provider_wiring_and_empty_output_fail_closed) ... ok
test_http_capabilities_routes_use_server_jobs_and_fail_without_images (test_capability_runtime_acceptance.RuntimeAcceptanceTests.test_http_capabilities_routes_use_server_jobs_and_fail_without_images) ... ok
test_missing_market_input_fails_and_saves_failed_receipt (test_capability_runtime_acceptance.RuntimeAcceptanceTests.test_missing_market_input_fails_and_saves_failed_receipt) ... ok
test_output_path_rejects_internal_symlinks_and_windows_forms (test_capability_runtime_acceptance.RuntimeAcceptanceTests.test_output_path_rejects_internal_symlinks_and_windows_forms) ... ok
test_run_path_reuse_and_cross_platform_paths_blocked (test_capability_runtime_acceptance.RuntimeAcceptanceTests.test_run_path_reuse_and_cross_platform_paths_blocked) ... ok
test_explicit_provider_is_not_replaced_by_saved_selection (test_cli_bootstrap.BootstrapTests.test_explicit_provider_is_not_replaced_by_saved_selection) ... ok
test_first_use_discovers_and_remembers_without_executing (test_cli_bootstrap.BootstrapTests.test_first_use_discovers_and_remembers_without_executing) ... ok
test_missing_or_corrupt_configuration_keeps_manual_work_available (test_cli_bootstrap.BootstrapTests.test_missing_or_corrupt_configuration_keeps_manual_work_available) ... ok
test_unavailable_saved_selection_does_not_silently_switch (test_cli_bootstrap.BootstrapTests.test_unavailable_saved_selection_does_not_silently_switch) ... ok
test_clean_python_missing_dependencies_returns_actionable_json (test_doctor.DoctorTests.test_clean_python_missing_dependencies_returns_actionable_json) ... ok
test_current_environment_offline_and_does_not_touch_notes (test_doctor.DoctorTests.test_current_environment_offline_and_does_not_touch_notes) ... ok
test_invalid_vault_missing_runtime_and_permission_failure (test_doctor.DoctorTests.test_invalid_vault_missing_runtime_and_permission_failure) ... ok
test_plugin_runtime_version_mismatch_is_actionable_before_startup (test_doctor.DoctorTests.test_plugin_runtime_version_mismatch_is_actionable_before_startup) ... ok
test_wrong_dependency_version_is_not_reported_supported (test_doctor.DoctorTests.test_wrong_dependency_version_is_not_reported_supported) ... ok
test_build_id_does_not_authorize_modified_build_fields (test_final_delivery_boundaries.FinalDeliveryBoundaryTests.test_build_id_does_not_authorize_modified_build_fields) ... ok
test_changed_asset_manifest_is_rejected_before_upload (test_final_delivery_boundaries.FinalDeliveryBoundaryTests.test_changed_asset_manifest_is_rejected_before_upload) ... ok
test_exact_second_repeated_selection_changes_only_that_range (test_final_delivery_boundaries.FinalDeliveryBoundaryTests.test_exact_second_repeated_selection_changes_only_that_range) ... ok
test_exportable_image_requires_an_image_filename (test_final_delivery_boundaries.FinalDeliveryBoundaryTests.test_exportable_image_requires_an_image_filename) ... ok
test_material_cannot_be_an_approved_mother_artifact (test_final_delivery_boundaries.FinalDeliveryBoundaryTests.test_material_cannot_be_an_approved_mother_artifact) ... ok
test_missing_mother_blocks_without_crashing_board (test_final_delivery_boundaries.FinalDeliveryBoundaryTests.test_missing_mother_blocks_without_crashing_board) ... ok
test_rehashed_payload_cannot_replace_authoritative_body (test_final_delivery_boundaries.FinalDeliveryBoundaryTests.test_rehashed_payload_cannot_replace_authoritative_body) ... ok
test_auth_origin_host_invalid_payload (test_http.HttpTests.test_auth_origin_host_invalid_payload) ... ok
test_capture_and_handoff_routes (test_http.HttpTests.test_capture_and_handoff_routes) ... ok
test_discovery_and_conversation_routes_require_auth_and_validate_inputs (test_http.HttpTests.test_discovery_and_conversation_routes_require_auth_and_validate_inputs) ... ok
test_lifecycle_http_routes_and_external_write_auth (test_http.HttpTests.test_lifecycle_http_routes_and_external_write_auth) ... ok
test_real_http_persistence_no_agent (test_http.HttpTests.test_real_http_persistence_no_agent) ... ok
test_corrupt_checkpoint_reclassifies_instead_of_trusting_it (test_ideation.IdeationTests.test_corrupt_checkpoint_reclassifies_instead_of_trusting_it) ... ok
test_duplicate_question_is_excluded_and_cannot_be_created (test_ideation.IdeationTests.test_duplicate_question_is_excluded_and_cannot_be_created) ... ok
test_fabricated_quotes_and_single_source_ideas_rejected (test_ideation.IdeationTests.test_fabricated_quotes_and_single_source_ideas_rejected) ... ok
test_folder_scope_is_honored_before_sending_and_limits_are_validated (test_ideation.IdeationTests.test_folder_scope_is_honored_before_sending_and_limits_are_validated) ... ok
test_missing_interrupted_receipt_does_not_prevent_kernel_start (test_ideation.IdeationTests.test_missing_interrupted_receipt_does_not_prevent_kernel_start) ... ok
test_no_viable_idea_is_valid_with_reason (test_ideation.IdeationTests.test_no_viable_idea_is_valid_with_reason) ... ok
test_one_source_and_duplicate_copies_do_not_make_a_collision (test_ideation.IdeationTests.test_one_source_and_duplicate_copies_do_not_make_a_collision) ... ok
test_passage_ids_preserve_markdown_crlf_and_reject_cross_source (test_ideation.IdeationTests.test_passage_ids_preserve_markdown_crlf_and_reject_cross_source) ... ok
test_passages_do_not_quote_across_sample_gaps (test_ideation.IdeationTests.test_passages_do_not_quote_across_sample_gaps) ... ok
test_repeated_status_polling_and_restart_result (test_ideation.IdeationTests.test_repeated_status_polling_and_restart_result) ... ok
test_retry_after_restart_reuses_classification_but_preserves_failed_receipt (test_ideation.IdeationTests.test_retry_after_restart_reuses_classification_but_preserves_failed_receipt) ... ok
test_retry_refuses_changed_material (test_ideation.IdeationTests.test_retry_refuses_changed_material) ... ok
test_sixty_source_map_uses_resolved_original_passages (test_ideation.IdeationTests.test_sixty_source_map_uses_resolved_original_passages) ... ok
test_source_change_during_model_run_fails_without_creating_project (test_ideation.IdeationTests.test_source_change_during_model_run_fails_without_creating_project) ... ok
test_status_explains_stale_results_before_adoption (test_ideation.IdeationTests.test_status_explains_stale_results_before_adoption) ... ok
test_two_stages_cross_source_idea_creates_multi_material_project (test_ideation.IdeationTests.test_two_stages_cross_source_idea_creates_multi_material_project) ... ok
test_used_source_remains_available_for_new_question (test_ideation.IdeationTests.test_used_source_remains_available_for_new_question) ... ok
test_bad_quote_transaction_does_not_leak_objects (test_kernel.KernelTests.test_bad_quote_transaction_does_not_leak_objects) ... ok
test_cancel_restart_and_skill_discovery (test_kernel.KernelTests.test_cancel_restart_and_skill_discovery) ... ok
test_cannot_skip_or_agent_approve (test_kernel.KernelTests.test_cannot_skip_or_agent_approve) ... ok
test_duplicate_malformed_and_path_escape (test_kernel.KernelTests.test_duplicate_malformed_and_path_escape) ... ok
test_edits_sources_constitution_invalidate_approval (test_kernel.KernelTests.test_edits_sources_constitution_invalidate_approval) ... ok
test_forged_declared_state_is_not_approval (test_kernel.KernelTests.test_forged_declared_state_is_not_approval) ... ok
test_full_pipeline_and_rebuild_without_runtime (test_kernel.KernelTests.test_full_pipeline_and_rebuild_without_runtime) ... ok
test_invalid_knowledge_reference_is_rejected_without_state_change (test_kernel.KernelTests.test_invalid_knowledge_reference_is_rejected_without_state_change) ... ok
test_jobs_provider_independence_and_fail_resume (test_kernel.KernelTests.test_jobs_provider_independence_and_fail_resume) ... ok
test_journal_rollback_and_preserve_external_changes (test_kernel.KernelTests.test_journal_rollback_and_preserve_external_changes) ... ok
test_manual_publication_tracking_requires_approved_version (test_kernel.KernelTests.test_manual_publication_tracking_requires_approved_version) ... ok
test_missing_source_and_claim_marker_block (test_kernel.KernelTests.test_missing_source_and_claim_marker_block) ... ok
test_no_ai_manual_path (test_kernel.KernelTests.test_no_ai_manual_path) ... ok
test_opposing_evidence_requires_resolution (test_kernel.KernelTests.test_opposing_evidence_requires_resolution) ... ok
test_quote_matcher_rejects_altered_numbers_and_flipped_negations (test_kernel.KernelTests.test_quote_matcher_rejects_altered_numbers_and_flipped_negations) ... ok
test_reject_recritique_and_version_binding (test_kernel.KernelTests.test_reject_recritique_and_version_binding) ... ok
test_research_analysis_persisted_and_passed_to_draft (test_kernel.KernelTests.test_research_analysis_persisted_and_passed_to_draft) ... ok
test_stale_job_and_two_writers (test_kernel.KernelTests.test_stale_job_and_two_writers) ... ok
test_unreviewed_approval_blocked (test_kernel.KernelTests.test_unreviewed_approval_blocked) ... ok
test_v2_semantic_claim_binding_and_review (test_kernel.KernelTests.test_v2_semantic_claim_binding_and_review) ... ok
test_warn_fail_incomplete_and_self_review (test_kernel.KernelTests.test_warn_fail_incomplete_and_self_review) ... ok
test_configuration_credentials_encrypted_and_not_returned (test_lifecycle.LifecycleTests.test_configuration_credentials_encrypted_and_not_returned) ... ok
test_draft_only_account_can_create_draft_but_cannot_publish (test_lifecycle.LifecycleTests.test_draft_only_account_can_create_draft_but_cannot_publish) ... ok
test_duplicate_confirmation_and_stale_preview_never_write (test_lifecycle.LifecycleTests.test_duplicate_confirmation_and_stale_preview_never_write) ... ok
test_failure_and_withdrawal_are_not_success (test_lifecycle.LifecycleTests.test_failure_and_withdrawal_are_not_success) ... ok
test_local_ack_failure_recovers_id_without_second_post (test_lifecycle.LifecycleTests.test_local_ack_failure_recovers_id_without_second_post) ... ok
test_local_edit_during_remote_commit_preserves_receipt_but_not_current_approval (test_lifecycle.LifecycleTests.test_local_edit_during_remote_commit_preserves_receipt_but_not_current_approval) ... ok
test_manually_tampered_outbox_cannot_bypass_approved_body (test_lifecycle.LifecycleTests.test_manually_tampered_outbox_cannot_bypass_approved_body) ... ok
test_other_rejected_artifact_prevents_project_publication_promotion (test_lifecycle.LifecycleTests.test_other_rejected_artifact_prevents_project_publication_promotion) ... ok
test_plan_does_not_invalidate_editorial_approval (test_lifecycle.LifecycleTests.test_plan_does_not_invalidate_editorial_approval) ... ok
test_publish_preview_blocked_after_account_mode_restricted (test_lifecycle.LifecycleTests.test_publish_preview_blocked_after_account_mode_restricted) ... ok
test_published_revision_requires_new_review_and_keeps_old_receipt (test_lifecycle.LifecycleTests.test_published_revision_requires_new_review_and_keeps_old_receipt) ... ok
test_reader_output_omits_internal_provenance_preserves_local_graph (test_lifecycle.LifecycleTests.test_reader_output_omits_internal_provenance_preserves_local_graph) ... ok
test_reader_output_preserves_authored_links_and_html_escaping (test_lifecycle.LifecycleTests.test_reader_output_preserves_authored_links_and_html_escaping) ... ok
test_recovery_cannot_bind_different_article (test_lifecycle.LifecycleTests.test_recovery_cannot_bind_different_article) ... ok
test_rejected_permission_is_failed_and_secret_not_reflected (test_lifecycle.LifecycleTests.test_rejected_permission_is_failed_and_secret_not_reflected) ... ok
test_remote_drift_blocks_publish_without_overwriting (test_lifecycle.LifecycleTests.test_remote_drift_blocks_publish_without_overwriting) ... ok
test_source_change_review_gate_refresh_history_and_cross_project_reuse (test_lifecycle.LifecycleTests.test_source_change_review_gate_refresh_history_and_cross_project_reuse) ... ok
test_source_changed_again_and_missing_refused (test_lifecycle.LifecycleTests.test_source_changed_again_and_missing_refused) ... ok
test_token_expiry_does_not_retry_content_write (test_lifecycle.LifecycleTests.test_token_expiry_does_not_retry_content_write) ... ok
test_two_confirmations_async_status_and_feedback_reuse_restart (test_lifecycle.LifecycleTests.test_two_confirmations_async_status_and_feedback_reuse_restart) ... ok
test_unknown_draft_never_resubmits_and_manual_id_readback_recovers (test_lifecycle.LifecycleTests.test_unknown_draft_never_resubmits_and_manual_id_readback_recovers) ... ok
test_unknown_publish_id_can_only_bind_after_content_verified (test_lifecycle.LifecycleTests.test_unknown_publish_id_can_only_bind_after_content_verified) ... ok
test_wechat_protocol_token_cache_and_no_retry (test_lifecycle.LifecycleTests.test_wechat_protocol_token_cache_and_no_retry) ... ok
test_direct_analyzer_rejects_unsafe_run_id_before_writing (test_market_sources.MarketAnalysisTests.test_direct_analyzer_rejects_unsafe_run_id_before_writing) ... ok
test_duplicates_cannot_inflate_quality_gate (test_market_sources.MarketAnalysisTests.test_duplicates_cannot_inflate_quality_gate) ... ok
test_every_platform_must_pass_minimum_and_every_row_must_be_valid (test_market_sources.MarketAnalysisTests.test_every_platform_must_pass_minimum_and_every_row_must_be_valid) ... ok
test_import_provenance_observation_clock_and_both_record_artifacts (test_market_sources.MarketAnalysisTests.test_import_provenance_observation_clock_and_both_record_artifacts) ... ok
test_invalid_record_never_coerced_into_valid_default (test_market_sources.MarketAnalysisTests.test_invalid_record_never_coerced_into_valid_default) ... ok
test_metric_names_preserved_not_cross_platform_compared (test_market_sources.MarketAnalysisTests.test_metric_names_preserved_not_cross_platform_compared) ... ok
test_missing_metrics_and_genre_remain_unknown (test_market_sources.MarketAnalysisTests.test_missing_metrics_and_genre_remain_unknown) ... ok
test_short_candidates_derive_only_from_supplied_annotations (test_market_sources.MarketAnalysisTests.test_short_candidates_derive_only_from_supplied_annotations) ... ok
test_short_missing_annotations_do_not_invent_emotions_or_opportunities (test_market_sources.MarketAnalysisTests.test_short_missing_annotations_do_not_invent_emotions_or_opportunities) ... ok
test_ambiguous_input_never_prefers_one_silently (test_market_sources.MarketSourceTests.test_ambiguous_input_never_prefers_one_silently) ... ok
test_import_is_unverified_even_if_claimed_source_looks_live (test_market_sources.MarketSourceTests.test_import_is_unverified_even_if_claimed_source_looks_live) ... ok
test_import_json_file_is_bounded_vault_relative_and_utf8 (test_market_sources.MarketSourceTests.test_import_json_file_is_bounded_vault_relative_and_utf8) ... ok
test_import_rejects_symlink_hardlink_and_nonregular_file (test_market_sources.MarketSourceTests.test_import_rejects_symlink_hardlink_and_nonregular_file) ... ok
test_import_requires_explicit_nonempty_mapping (test_market_sources.MarketSourceTests.test_import_requires_explicit_nonempty_mapping) ... ok
test_invalid_scan_id_is_rejected_before_fetch_or_read (test_market_sources.MarketSourceTests.test_invalid_scan_id_is_rejected_before_fetch_or_read) ... ok
test_live_snapshot_preserves_origin_hash_and_observed_time (test_market_sources.MarketSourceTests.test_live_snapshot_preserves_origin_hash_and_observed_time) ... ok
test_parser_bounds_depth_and_bytes (test_market_sources.MarketSourceTests.test_parser_bounds_depth_and_bytes) ... ok
test_parser_never_executes_embedded_scripts_or_uses_hidden_json (test_market_sources.MarketSourceTests.test_parser_never_executes_embedded_scripts_or_uses_hidden_json) ... ok
test_parser_rejects_empty_blocked_changed_and_malformed_pages (test_market_sources.MarketSourceTests.test_parser_rejects_empty_blocked_changed_and_malformed_pages) ... ok
test_partial_two_source_fetch_never_returns_a_successful_partial_scan (test_market_sources.MarketSourceTests.test_partial_two_source_fetch_never_returns_a_successful_partial_scan) ... ok
test_source_choice_is_fixed_and_task_specific (test_market_sources.MarketSourceTests.test_source_choice_is_fixed_and_task_specific) ... ok
test_upstream_failure_and_robots_denial_never_fallback (test_market_sources.MarketSourceTests.test_upstream_failure_and_robots_denial_never_fallback) ... ok
test_bad_status_type_size_encoding_and_redirect_fail (test_market_sources.MarketTransportTests.test_bad_status_type_size_encoding_and_redirect_fail) ... ok
test_configured_proxy_route_is_honored_without_local_dns (test_market_sources.MarketTransportTests.test_configured_proxy_route_is_honored_without_local_dns) ... ok
test_direct_private_dns_rejected (test_market_sources.MarketTransportTests.test_direct_private_dns_rejected) ... ok
test_normal_bounded_html_response (test_market_sources.MarketTransportTests.test_normal_bounded_html_response) ... ok
test_redirect_handler_never_follows_cross_host_or_login (test_market_sources.MarketTransportTests.test_redirect_handler_never_follows_cross_host_or_login) ... ok
test_transport_exceptions_are_visible_problems (test_market_sources.MarketTransportTests.test_transport_exceptions_are_visible_problems) ... ok
test_unapproved_url_never_reaches_network (test_market_sources.MarketTransportTests.test_unapproved_url_never_reaches_network) ... ok
test_wall_deadline_checked_during_body_stream (test_market_sources.MarketTransportTests.test_wall_deadline_checked_during_body_stream) ... ok
test_brief_only_empty_and_failed_responses_never_succeed (test_media_generation.CoverGenerationTests.test_brief_only_empty_and_failed_responses_never_succeed) ... ok
test_cancel_before_or_after_provider_never_persists_cover (test_media_generation.CoverGenerationTests.test_cancel_before_or_after_provider_never_persists_cover) ... ok
test_configured_mapping_can_be_populated_after_adapter_initialization (test_media_generation.CoverGenerationTests.test_configured_mapping_can_be_populated_after_adapter_initialization) ... ok
test_decoded_assets_record_evidence_and_use_provider_stage (test_media_generation.CoverGenerationTests.test_decoded_assets_record_evidence_and_use_provider_stage) ... ok
test_duplicate_pixels_fail_even_with_different_png_compression (test_media_generation.CoverGenerationTests.test_duplicate_pixels_fail_even_with_different_png_compression) ... ok
test_existing_hardlinked_vault_image_is_not_accepted (test_media_generation.CoverGenerationTests.test_existing_hardlinked_vault_image_is_not_accepted) ... ok
test_explicit_unknown_provider_never_falls_back (test_media_generation.CoverGenerationTests.test_explicit_unknown_provider_never_falls_back) ... ok
test_gif_is_not_a_supported_cover_format (test_media_generation.CoverGenerationTests.test_gif_is_not_a_supported_cover_format) ... ok
test_image_paths_must_be_workspace_relative_on_both_operating_systems (test_media_generation.CoverGenerationTests.test_image_paths_must_be_workspace_relative_on_both_operating_systems) ... ok
test_invalid_count_and_identifiers_fail_before_provider_or_workspace (test_media_generation.CoverGenerationTests.test_invalid_count_and_identifiers_fail_before_provider_or_workspace) ... ok
test_invalid_second_output_does_not_persist_first_candidate (test_media_generation.CoverGenerationTests.test_invalid_second_output_does_not_persist_first_candidate) ... ok
test_jpeg_is_decoded_and_saved_with_real_extension (test_media_generation.CoverGenerationTests.test_jpeg_is_decoded_and_saved_with_real_extension) ... ok
test_linked_images_and_lexical_ancestor_links_fail (test_media_generation.CoverGenerationTests.test_linked_images_and_lexical_ancestor_links_fail) ... ok
test_missing_decoder_is_actionable (test_media_generation.CoverGenerationTests.test_missing_decoder_is_actionable) ... ok
test_missing_image_or_generation_evidence_fails (test_media_generation.CoverGenerationTests.test_missing_image_or_generation_evidence_fails) ... ok
test_no_provider_is_blocked_and_does_not_create_cover (test_media_generation.CoverGenerationTests.test_no_provider_is_blocked_and_does_not_create_cover) ... ok
test_nonexistent_output_directory_and_run_reuse_fail (test_media_generation.CoverGenerationTests.test_nonexistent_output_directory_and_run_reuse_fail) ... ok
test_oversized_file_rejected_without_reading_it (test_media_generation.CoverGenerationTests.test_oversized_file_rejected_without_reading_it) ... ok
test_partial_candidate_set_fails_without_persistence (test_media_generation.CoverGenerationTests.test_partial_candidate_set_fails_without_persistence) ... ok
test_provider_failure_records_failed_receipt (test_media_generation.CoverGenerationTests.test_provider_failure_records_failed_receipt) ... ok
test_runtime_dependent_provider_attempts_real_generation (test_media_generation.CoverGenerationTests.test_runtime_dependent_provider_attempts_real_generation) ... ok
test_tiny_wrong_ratio_corrupt_oversized_and_blank_images_fail (test_media_generation.CoverGenerationTests.test_tiny_wrong_ratio_corrupt_oversized_and_blank_images_fail) ... ok
test_unsupported_provider_never_runs (test_media_generation.CoverGenerationTests.test_unsupported_provider_never_runs) ... ok
test_version_gaps_and_jpeg_versions_are_not_overwritten (test_media_generation.CoverGenerationTests.test_version_gaps_and_jpeg_versions_are_not_overwritten) ... ok
test_bad_quote_transaction_does_not_leak_objects (test_kernel.KernelTests.test_bad_quote_transaction_does_not_leak_objects) ... ok
test_cancel_restart_and_skill_discovery (test_kernel.KernelTests.test_cancel_restart_and_skill_discovery) ... ok
test_cannot_skip_or_agent_approve (test_kernel.KernelTests.test_cannot_skip_or_agent_approve) ... ok
test_duplicate_malformed_and_path_escape (test_kernel.KernelTests.test_duplicate_malformed_and_path_escape) ... ok
test_edits_sources_constitution_invalidate_approval (test_kernel.KernelTests.test_edits_sources_constitution_invalidate_approval) ... ok
test_forged_declared_state_is_not_approval (test_kernel.KernelTests.test_forged_declared_state_is_not_approval) ... ok
test_full_pipeline_and_rebuild_without_runtime (test_kernel.KernelTests.test_full_pipeline_and_rebuild_without_runtime) ... ok
test_invalid_knowledge_reference_is_rejected_without_state_change (test_kernel.KernelTests.test_invalid_knowledge_reference_is_rejected_without_state_change) ... ok
test_jobs_provider_independence_and_fail_resume (test_kernel.KernelTests.test_jobs_provider_independence_and_fail_resume) ... ok
test_journal_rollback_and_preserve_external_changes (test_kernel.KernelTests.test_journal_rollback_and_preserve_external_changes) ... ok
test_manual_publication_tracking_requires_approved_version (test_kernel.KernelTests.test_manual_publication_tracking_requires_approved_version) ... ok
test_missing_source_and_claim_marker_block (test_kernel.KernelTests.test_missing_source_and_claim_marker_block) ... ok
test_no_ai_manual_path (test_kernel.KernelTests.test_no_ai_manual_path) ... ok
test_opposing_evidence_requires_resolution (test_kernel.KernelTests.test_opposing_evidence_requires_resolution) ... ok
test_quote_matcher_rejects_altered_numbers_and_flipped_negations (test_kernel.KernelTests.test_quote_matcher_rejects_altered_numbers_and_flipped_negations) ... ok
test_reject_recritique_and_version_binding (test_kernel.KernelTests.test_reject_recritique_and_version_binding) ... ok
test_research_analysis_persisted_and_passed_to_draft (test_kernel.KernelTests.test_research_analysis_persisted_and_passed_to_draft) ... ok
test_stale_job_and_two_writers (test_kernel.KernelTests.test_stale_job_and_two_writers) ... ok
test_unreviewed_approval_blocked (test_kernel.KernelTests.test_unreviewed_approval_blocked) ... ok
test_v2_semantic_claim_binding_and_review (test_kernel.KernelTests.test_v2_semantic_claim_binding_and_review) ... ok
test_warn_fail_incomplete_and_self_review (test_kernel.KernelTests.test_warn_fail_incomplete_and_self_review) ... ok
test_multi_artifact_creation_and_targeted_critique (test_multi_artifact.MultiArtifactTests.test_multi_artifact_creation_and_targeted_critique) ... ok
test_candidate_same_family_excluded_while_valid_candidate_kept (test_origins.OriginTests.test_candidate_same_family_excluded_while_valid_candidate_kept) ... ok
test_original_transcript_title_variants_but_not_short_generic_names (test_origins.OriginTests.test_original_transcript_title_variants_but_not_short_generic_names) ... ok
test_overlapping_copy_does_not_count_twice (test_origins.OriginTests.test_overlapping_copy_does_not_count_twice) ... ok
test_shared_origin_groups_different_prose_but_distinct_articles_remain (test_origins.OriginTests.test_shared_origin_groups_different_prose_but_distinct_articles_remain) ... ok
test_single_origin_stops_before_model_and_legacy_requires_refresh (test_origins.OriginTests.test_single_origin_stops_before_model_and_legacy_requires_refresh) ... ok
test_url_canonicalization_keeps_identity_and_hides_credentials (test_origins.OriginTests.test_url_canonicalization_keeps_identity_and_hides_credentials) ... ok
test_cover_director_and_generation_parity (test_parity_pipeline.ParityPipelineTests.test_cover_director_and_generation_parity)
Fixture contract test, not evidence of live image-generation capability. ... ok
test_long_and_short_deconstruction_parity (test_parity_pipeline.ParityPipelineTests.test_long_and_short_deconstruction_parity)
Parity with Oh Story story-long-analyze & story-short-analyze: 3-tier assets. ... ok
test_long_market_scan_parity (test_parity_pipeline.ParityPipelineTests.test_long_market_scan_parity)
Parity with Oh Story story-long-scan: multi-platform data, quality gate, opportunities. ... ok
test_short_market_scan_parity (test_parity_pipeline.ParityPipelineTests.test_short_market_scan_parity)
Parity with Oh Story story-short-scan: independent model, emotions, shelf-life. ... ok
test_bad_settings_fail_before_replacing_plugin (test_portable_install.PortableInstallTests.test_bad_settings_fail_before_replacing_plugin) ... ok
test_bundled_kernel_works_without_checkout_and_preserves_settings (test_portable_install.PortableInstallTests.test_bundled_kernel_works_without_checkout_and_preserves_settings) ... ok
test_live_safe_update_preserves_current_runtime_and_settings (test_portable_install.PortableInstallTests.test_live_safe_update_preserves_current_runtime_and_settings) ... ok
test_partial_install_failure_restores_all_original_files (test_portable_install.PortableInstallTests.test_partial_install_failure_restores_all_original_files) ... ok
test_payload_contains_template_and_no_private_runtime (test_portable_install.PortableInstallTests.test_payload_contains_template_and_no_private_runtime) ... ok
test_version_update_does_not_move_live_previous_kernel (test_portable_install.PortableInstallTests.test_version_update_does_not_move_live_previous_kernel) ... ok
test_output_cap_and_cancel (test_processes.ProcessTests.test_output_cap_and_cancel) ... ok
test_process_success_invalid_output_nonzero (test_processes.ProcessTests.test_process_success_invalid_output_nonzero) ... ok
test_timeout_owns_descendants (test_processes.ProcessTests.test_timeout_owns_descendants) ... ok
test_budget_never_silently_truncates_evidence (test_three_stage_e2e.ThreeStageE2E.test_budget_never_silently_truncates_evidence) ... ok
test_http_build_export_image_replace_and_safety (test_three_stage_e2e.ThreeStageE2E.test_http_build_export_image_replace_and_safety) ... ok
test_malicious_html_link_internal_id_and_theme_confirmation (test_three_stage_e2e.ThreeStageE2E.test_malicious_html_link_internal_id_and_theme_confirmation) ... ok
test_multi_target_local_proposal_races_and_critic (test_three_stage_e2e.ThreeStageE2E.test_multi_target_local_proposal_races_and_critic) ... ok
test_publication_upload_unknown_restart_recovery_and_identity (test_three_stage_e2e.ThreeStageE2E.test_publication_upload_unknown_restart_recovery_and_identity) ... ok
test_social_pack_candidate_approval_bundle_staleness_and_overflow (test_three_stage_e2e.ThreeStageE2E.test_social_pack_candidate_approval_bundle_staleness_and_overflow) ... ok
test_confirm_rejects_changed_build_metadata_even_with_original_build_id (test_three_stage_final_boundaries.FinalBoundaryTests.test_confirm_rejects_changed_build_metadata_even_with_original_build_id) ... ok
test_confirm_rejects_rehashed_unapproved_body_before_any_remote_write (test_three_stage_final_boundaries.FinalBoundaryTests.test_confirm_rejects_rehashed_unapproved_body_before_any_remote_write) ... ok
test_deleted_mother_marks_variant_stale_without_breaking_board (test_three_stage_final_boundaries.FinalBoundaryTests.test_deleted_mother_marks_variant_stale_without_breaking_board) ... ok
test_exact_second_occurrence_is_revised_without_changing_first (test_three_stage_final_boundaries.FinalBoundaryTests.test_exact_second_occurrence_is_revised_without_changing_first) ... ok
test_malformed_mother_binding_is_diagnostic_not_board_crash (test_three_stage_final_boundaries.FinalBoundaryTests.test_malformed_mother_binding_is_diagnostic_not_board_crash) ... ok
test_mother_dependency_builder_rejects_nonartifact (test_three_stage_final_boundaries.FinalBoundaryTests.test_mother_dependency_builder_rejects_nonartifact) ... ok
test_publish_prepare_rejects_self_consistent_replacement_in_verified_draft (test_three_stage_final_boundaries.FinalBoundaryTests.test_publish_prepare_rejects_self_consistent_replacement_in_verified_draft) ... ok
test_stale_exact_range_is_still_rejected (test_three_stage_final_boundaries.FinalBoundaryTests.test_stale_exact_range_is_still_rejected) ... ok
test_wrong_type_mother_blocks_review_and_formal_export (test_three_stage_final_boundaries.FinalBoundaryTests.test_wrong_type_mother_blocks_review_and_formal_export) ... ok
test_bundle_copy_race (test_three_stage_review_e2e.IndependentReviewE2E.test_bundle_copy_race) ... ok
test_bundle_includes_body_only_assets (test_three_stage_review_e2e.IndependentReviewE2E.test_bundle_includes_body_only_assets) ... ok
test_cjk_words (test_three_stage_review_e2e.IndependentReviewE2E.test_cjk_words) ... ok
test_context_fields_and_compatibility (test_three_stage_review_e2e.IndependentReviewE2E.test_context_fields_and_compatibility) ... ok
test_context_source (test_three_stage_review_e2e.IndependentReviewE2E.test_context_source) ... ok
test_direct_critic_requires_external_snapshot (test_three_stage_review_e2e.IndependentReviewE2E.test_direct_critic_requires_external_snapshot) ... ok
test_domain_advance_gate (test_three_stage_review_e2e.IndependentReviewE2E.test_domain_advance_gate) ... ok
test_export_race (test_three_stage_review_e2e.IndependentReviewE2E.test_export_race) ... ok
test_http_jobs_critic_race (test_three_stage_review_e2e.IndependentReviewE2E.test_http_jobs_critic_race) ... ok
test_legacy_prepared (test_three_stage_review_e2e.IndependentReviewE2E.test_legacy_prepared) ... ok
test_legacy_remote_draft (test_three_stage_review_e2e.IndependentReviewE2E.test_legacy_remote_draft) ... ok
test_manual_snapshot (test_three_stage_review_e2e.IndependentReviewE2E.test_manual_snapshot) ... ok
test_multiple_images (test_three_stage_review_e2e.IndependentReviewE2E.test_multiple_images) ... ok
test_page_title_caption_and_handoff_privacy (test_three_stage_review_e2e.IndependentReviewE2E.test_page_title_caption_and_handoff_privacy) ... ok
test_public_https (test_three_stage_review_e2e.IndependentReviewE2E.test_public_https) ... ok
test_render_boundaries (test_three_stage_review_e2e.IndependentReviewE2E.test_render_boundaries) ... ok
test_resolved_payload (test_three_stage_review_e2e.IndependentReviewE2E.test_resolved_payload) ... ok
test_resource_replacement (test_three_stage_review_e2e.IndependentReviewE2E.test_resource_replacement) ... ok
test_safe_links (test_three_stage_review_e2e.IndependentReviewE2E.test_safe_links) ... ok
test_title_privacy (test_three_stage_review_e2e.IndependentReviewE2E.test_title_privacy) ... ok
test_v2_critic (test_three_stage_review_e2e.IndependentReviewE2E.test_v2_critic) ... ok
test_v2_critic_over_http_jobs (test_three_stage_review_e2e.IndependentReviewE2E.test_v2_critic_over_http_jobs) ... ok
test_word_layout_preserves_content_and_bounds (test_three_stage_review_e2e.IndependentReviewE2E.test_word_layout_preserves_content_and_bounds) ... ok
test_quality_cases_fixed_and_include_four_distinct_categories (test_trial_package.TrialPackageTests.test_quality_cases_fixed_and_include_four_distinct_categories) ... ok
test_trial_is_self_contained_without_private_data_and_cannot_claim_participants (test_trial_package.TrialPackageTests.test_trial_is_self_contained_without_private_data_and_cannot_claim_participants) ... ok
test_connection_failure_is_recorded_without_raw_exception_secret (test_wechat_setup.WeChatSetupTests.test_connection_failure_is_recorded_without_raw_exception_secret) ... ok
test_expected_wechat_error_remains_actionable (test_wechat_setup.WeChatSetupTests.test_expected_wechat_error_remains_actionable) ... ok
test_noninteractive_secret_entry_refused (test_wechat_setup.WeChatSetupTests.test_noninteractive_secret_entry_refused) ... ok
test_token_success_does_not_claim_draft_permission_or_publish (test_wechat_setup.WeChatSetupTests.test_token_success_does_not_claim_draft_permission_or_publish) ... ok
test_explicit_model_survives_kernel_cli_startup_without_agent_call (test_windows_cli_installation.NativeCliInstallationTests.test_explicit_model_survives_kernel_cli_startup_without_agent_call) ... ok
test_model_activation_preserves_explicit_executable_even_without_discovery (test_windows_cli_installation.NativeCliInstallationTests.test_model_activation_preserves_explicit_executable_even_without_discovery) ... ok
test_npm_wrappers_resolve_native_payload_without_running_wrapper (test_windows_cli_installation.NativeCliInstallationTests.test_npm_wrappers_resolve_native_payload_without_running_wrapper) ... ok
test_external_junction_cannot_return_read_or_write_paths (test_windows_workspace_junctions.WindowsWorkspaceJunctionTests.test_external_junction_cannot_return_read_or_write_paths) ... ok
test_internal_junction_read_and_output_paths_are_refused (test_windows_workspace_junctions.WindowsWorkspaceJunctionTests.test_internal_junction_read_and_output_paths_are_refused) ... ok
test_ordinary_workspace_output_remains_writable (test_windows_workspace_junctions.WindowsWorkspaceJunctionTests.test_ordinary_workspace_output_remains_writable) ... ok
test_goal_ranking_selected_atomic_capture_and_duplicate_exclusion (test_workbench.DiscoveryTests.test_goal_ranking_selected_atomic_capture_and_duplicate_exclusion) ... ok
test_private_and_generated_folders_are_excluded (test_workbench.DiscoveryTests.test_private_and_generated_folders_are_excluded) ... ok
test_stale_selection_or_escaped_note_never_creates_partial_project (test_workbench.DiscoveryTests.test_stale_selection_or_escaped_note_never_creates_partial_project) ... ok
test_cancellation_and_error_persist_transcript (test_workbench.WorkbenchTests.test_cancellation_and_error_persist_transcript) ... ok
test_generated_image_is_imported_with_receipt_and_nonimage_rejected (test_workbench.WorkbenchTests.test_generated_image_is_imported_with_receipt_and_nonimage_rejected) ... ok
test_missing_image_capability_is_brief_only_and_path_escape_rejected (test_workbench.WorkbenchTests.test_missing_image_capability_is_brief_only_and_path_escape_rejected) ... ok
test_native_commands_preserve_model_defaults_and_limit_tool_scope (test_workbench.WorkbenchTests.test_native_commands_preserve_model_defaults_and_limit_tool_scope) ... ok
test_revision_requires_apply_invalidates_approval_and_is_not_reapplied (test_workbench.WorkbenchTests.test_revision_requires_apply_invalidates_approval_and_is_not_reapplied) ... ok
test_stale_revision_never_overwrites_editor_changes (test_workbench.WorkbenchTests.test_stale_revision_never_overwrites_editor_changes) ... ok
test_two_turn_history_restart_and_no_domain_mutation (test_workbench.WorkbenchTests.test_two_turn_history_restart_and_no_domain_mutation) ... ok
test_approved_handoff_is_clean_idempotent_and_local (test_workflow.WorkflowTests.test_approved_handoff_is_clean_idempotent_and_local) ... ok
test_cache_uses_bytes_not_mtime_and_never_returns_shared_objects (test_workflow.WorkflowTests.test_cache_uses_bytes_not_mtime_and_never_returns_shared_objects) ... ok
test_capture_deduplicates_and_preserves_changed_snapshots (test_workflow.WorkflowTests.test_capture_deduplicates_and_preserves_changed_snapshots) ... ok
test_capture_validates_boundary_and_stale_token (test_workflow.WorkflowTests.test_capture_validates_boundary_and_stale_token) ... ok
test_handoff_checks_again_after_preparation (test_workflow.WorkflowTests.test_handoff_checks_again_after_preparation) ... ok
test_handoff_rechecks_sources_and_constitution (test_workflow.WorkflowTests.test_handoff_rechecks_sources_and_constitution) ... ok
test_preview_stale_or_queued_edit_never_calls_provider (test_workflow.WorkflowTests.test_preview_stale_or_queued_edit_never_calls_provider) ... ok
test_control_rejects_stale_or_tampered_metadata_and_nonwriting_input (test_writing_evaluation.WritingEvaluationTests.test_control_rejects_stale_or_tampered_metadata_and_nonwriting_input) ... ok
test_control_removes_entire_current_layer_but_preserves_every_other_field (test_writing_evaluation.WritingEvaluationTests.test_control_removes_entire_current_layer_but_preserves_every_other_field) ... ok
test_missing_process_log_does_not_hide_original_failure (test_writing_evaluation.WritingEvaluationTests.test_missing_process_log_does_not_hide_original_failure) ... ok
test_all_narrative_tasks_reach_provider_with_correct_profile_and_saved_hash (test_writing_quality.WritingQualityTests.test_all_narrative_tasks_reach_provider_with_correct_profile_and_saved_hash) ... ok
test_codex_and_claude_adapters_serialize_applied_policy_to_stdin (test_writing_quality.WritingQualityTests.test_codex_and_claude_adapters_serialize_applied_policy_to_stdin) ... ok
test_composed_guidance_hash_and_concise_core_are_preserved (test_writing_quality.WritingQualityTests.test_composed_guidance_hash_and_concise_core_are_preserved) ... ok
test_excluded_tasks_have_no_writing_policy (test_writing_quality.WritingQualityTests.test_excluded_tasks_have_no_writing_policy) ... ok
test_generic_production_injects_only_draft_and_critique (test_writing_quality.WritingQualityTests.test_generic_production_injects_only_draft_and_critique) ... ok
test_installed_runtime_contains_working_policy_and_attribution (test_writing_quality.WritingQualityTests.test_installed_runtime_contains_working_policy_and_attribution) ... ok
test_missing_policy_asset_fails_before_provider (test_writing_quality.WritingQualityTests.test_missing_policy_asset_fails_before_provider) ... ok
test_references_are_hashed_genre_scoped_and_not_default_instructions (test_writing_quality.WritingQualityTests.test_references_are_hashed_genre_scoped_and_not_default_instructions) ... ok
test_versioned_assets_and_licenses_match_manifest (test_writing_quality.WritingQualityTests.test_versioned_assets_and_licenses_match_manifest) ... ok
test_workbench_revision_only_and_preserves_protocol (test_writing_quality.WritingQualityTests.test_workbench_revision_only_and_preserves_protocol) ... ok

----------------------------------------------------------------------
Ran 269 tests in 181.361s

OK
